============================= test session starts =============================
platform win32 -- Python 3.13.12, pytest-8.2.0, pluggy-1.5.0
rootdir: C:\Users\agraw\Attack_path_analyzer\backend
configfile: pytest.ini
plugins: anyio-4.13.0, asyncio-0.23.6
asyncio: mode=Mode.STRICT
collected 23 items

backend\tests\test_cli_e2e_rubric.py ....F.                              [ 26%]
backend\tests\test_cluster_graph_loader.py ..F                           [ 39%]
backend\tests\test_cve_and_diff.py ..                                    [ 47%]
backend\tests\test_hackathon_normalize.py ...                            [ 60%]
backend\tests\test_kill_chain_report.py F                                [ 65%]
backend\tests\test_rubric_algorithms.py F......F                         [100%]

================================== FAILURES ===================================
___________________ test_main_py_blast_radius_rubric_flags ____________________

mock_path = WindowsPath('C:/Users/agraw/Attack_path_analyzer/docs/mock-cluster-graph.json')

    def test_main_py_blast_radius_rubric_flags(mock_path: Path) -> None:
        r = subprocess.run(
            [
                sys.executable,
                str(MAIN_PY),
                "--input",
                str(mock_path),
                "--blast-radius",
                "--source",
                "pod-webfront",
                "--hops",
                "3",
            ],
            cwd=str(BACKEND_ROOT),
            capture_output=True,
            text=True,
            timeout=30,
        )
        assert r.returncode == 0, r.stderr
        data = json.loads(r.stdout)
        assert data["source"] == "pod-webfront"
        assert data["max_hops"] == 3
        hop1 = {n["label"] for n in data["zones"].get("1", [])}
>       assert "sidecar-proxy" in hop1
E       AssertionError: assert 'sidecar-proxy' in {'default', 'internal-api-svc', 'sa-webapp'}

backend\tests\test_cli_e2e_rubric.py:176: AssertionError
____________________________ test_counts_reported _____________________________

mock_graph_path = WindowsPath('C:/Users/agraw/Attack_path_analyzer/docs/mock-cluster-graph.json')

    def test_counts_reported(mock_graph_path: Path) -> None:
        built = load_cluster_graph_file(mock_graph_path)
        assert built.parsed_nodes == built.node_count == 41
        assert built.parsed_edges == 48
>       assert built.edge_count == 52  # +4 bidirectional pod<->pod shared-SA laterals
E       AssertionError: assert 48 == 52
E        +  where 48 = ClusterGraphBuildResult(graph=<networkx.classes.digraph.DiGraph object at 0x000002810D2F0770>, file_metadata={'cluster... 'Synthetic Kubernetes cluster for hackathon testing'}, node_count=41, edge_count=48, parsed_nodes=41, parsed_edges=48).edge_count

backend\tests\test_cluster_graph_loader.py:37: AssertionError
__________________________ test_full_report_sections __________________________

mock_graph_path = WindowsPath('C:/Users/agraw/Attack_path_analyzer/docs/mock-cluster-graph.json')

    def test_full_report_sections(mock_graph_path) -> None:
        G = load_cluster_graph_file(mock_graph_path).graph
        raw = json.loads(mock_graph_path.read_text(encoding="utf-8"))
        meta = raw.get("metadata") or {}
        text = generate_full_report(
            G,
            KillChainReportOptions(
                cluster_name="mock-prod-cluster",
                report_mode="all_paths",
                metadata=meta,
            ),
        )
>       assert "[ SECTION 1 - ATTACK PATH DETECTION" in text
E       AssertionError: assert '[ SECTION 1 - ATTACK PATH DETECTION' in '\u2550\u2550\u2550\u2550\u2550\u2550\u2550\u2550\u2550\u2550\u2550\u2550\u2550\u2550\u2550\u2550\u2550\u2550\u2550\u2550\u2550\u2550\u2550\u2550\u2550\u2550\u2550\u2550\u2550\u2550\u2550\u2550\u2550\u2550\u2550\u2550\u2550\u2550\u2550\u2550\u2550\u2550\u2550\u2550\u2550\u2550\u2550\u2550\u2550\u2550\u2550\u2550\u2550\u2550\u2550\u2550\u2550\u2550\u2550\u2550\u2550\u2550\u2550\u2550\u2550\u2550\\n  KILL CHAIN REPORT  \u2014  2026-04-04 17:49:00\\n  Cl...sed : 48\\n  Critical node to remove : web-frontend\\n\u2550\u2550\u2550\u2550\u2550\u2550\u2550\u2550\u2550\u2550\u2550\u2550\u2550\u2550\u2550\u2550\u2550\u2550\u2550\u2550\u2550\u2550\u2550\u2550\u2550\u2550\u2550\u2550\u2550\u2550\u2550\u2550\u2550\u2550\u2550\u2550\u2550\u2550\u2550\u2550\u2550\u2550\u2550\u2550\u2550\u2550\u2550\u2550\u2550\u2550\u2550\u2550\u2550\u2550\u2550\u2550\u2550\u2550\u2550\u2550\u2550\u2550\u2550\u2550\u2550\u2550'

backend\tests\test_kill_chain_report.py:21: AssertionError
________________________ test_bfs_pod_webfront_levels _________________________

mock_g = <networkx.classes.digraph.DiGraph object at 0x00000281282F11D0>

    def test_bfs_pod_webfront_levels(mock_g) -> None:
        br = blast_radius(mock_g, "pod-webfront", max_hops=3)
>       assert _zone_labels(br, 1) == {
            "sa-webapp",
            "default",
            "internal-api-svc",
            "sidecar-proxy",
        }
E       AssertionError: assert {'default', '..., 'sa-webapp'} == {'default', '...idecar-proxy'}
E         
E         Extra items in the right set:
E         'sidecar-proxy'
E         Use -v to get more diff

backend\tests\test_rubric_algorithms.py:26: AssertionError
_____________________ test_critical_node_path_elimination _____________________

mock_g = <networkx.classes.digraph.DiGraph object at 0x00000281282F27B0>

    def test_critical_node_path_elimination(mock_g) -> None:
        out = critical_node_by_path_elimination(mock_g, path_cutoff=None, top_n=5)
>       assert out["baseline_path_count"] == 70
E       assert 46 == 70

backend\tests\test_rubric_algorithms.py:108: AssertionError
=========================== short test summary info ===========================
FAILED backend\tests\test_cli_e2e_rubric.py::test_main_py_blast_radius_rubric_flags
FAILED backend\tests\test_cluster_graph_loader.py::test_counts_reported - Ass...
FAILED backend\tests\test_kill_chain_report.py::test_full_report_sections - A...
FAILED backend\tests\test_rubric_algorithms.py::test_bfs_pod_webfront_levels
FAILED backend\tests\test_rubric_algorithms.py::test_critical_node_path_elimination
======================== 5 failed, 18 passed in 8.27s =========================
